Traceback (most recent call last):
  File "python/scrape_mbb_standings.py", line 34, in <module>
    from sportsdataverse.mbb import espn_mbb_standings
ImportError: cannot import name 'espn_mbb_standings' from 'sportsdataverse.mbb' (/usr/local/lib/python3.8/dist-packages/sportsdataverse/mbb/__init__.py)
!!! SCRAPER FAILED (rc=1): standings
MBB game rosters 2026:   0%|          | 0/6300 [00:00<?, ?it/s]MBB game rosters 2026: 100%|██████████| 6300/6300 [00:00<00:00, 135625.13it/s]
Traceback (most recent call last):
  File "python/scrape_mbb_player_stats.py", line 51, in <module>
    from sportsdataverse.mbb import espn_mbb_player_stats_v3
ImportError: cannot import name 'espn_mbb_player_stats_v3' from 'sportsdataverse.mbb' (/usr/local/lib/python3.8/dist-packages/sportsdataverse/mbb/__init__.py)
!!! SCRAPER FAILED (rc=1): player_stats
Traceback (most recent call last):
  File "python/scrape_mbb_team_stats.py", line 33, in <module>
    from sportsdataverse.wbb.wbb_team_stats import _espn_basketball_team_stats
ModuleNotFoundError: No module named 'sportsdataverse.wbb.wbb_team_stats'
!!! SCRAPER FAILED (rc=1): team_stats
Traceback (most recent call last):
  File "python/scrape_mbb_team_rosters.py", line 35, in <module>
    from sportsdataverse.wbb.wbb_team_roster import _espn_basketball_team_roster
ModuleNotFoundError: No module named 'sportsdataverse.wbb.wbb_team_roster'
!!! SCRAPER FAILED (rc=1): team_rosters
[main 557efc7aadd] MBB Raw Updated (Start: 2026 End: 2026)
 19 files changed, 82019 insertions(+), 262 deletions(-)
 rewrite mbb/json/raw/401812253.json (70%)
 rewrite mbb/json/raw/401823636.json (68%)
 rewrite mbb/json/raw/401829484.json (65%)
To github.com:sportsdataverse/hoopR-mbb-raw.git
   c7cd12a5e02..557efc7aadd  main -> main
